// Jest Snapshot v1, https://goo.gl/fbAQLP

exports[`Forecast Details Renders Forecast Details 1`] = `
<DocumentFragment>
  <div
    class="forecast-details"
    data-testid="forecast-details"
  >
    <div
      class="forecast-details__date"
    >
      Thu Jan 01 1970
    </div>
    <div
      class="forecast-details__temperature"
      data-testid="ancestor"
    >
      <div
        class="Max"
        data-testid="descendant"
      >
        33°C
      </div>
      <div
        class="Min"
      >
         22°C
      </div>
    </div>
    <div
      class="forecast-details__wind"
    >
      Wind: 30mph
      <img
        alt="wind-direction"
        class="wind-icon"
        src="s.png"
      />
    </div>
    <div
      class="forecast-details__humidity"
    >
      Humidity: 80%
    </div>
  </div>
</DocumentFragment>
`;
